------------------------------------------------------------
Timing Analyzer Summary
------------------------------------------------------------

Type  : Slow 1100mV 100C Model Setup 'FPGA_CLK1_50'
Slack : -1.846
TNS   : -46.139

Type  : Slow 1100mV 100C Model Hold 'FPGA_CLK1_50'
Slack : 0.437
TNS   : 0.000

Type  : Slow 1100mV 100C Model Minimum Pulse Width 'FPGA_CLK1_50'
Slack : -0.538
TNS   : -25.682

Type  : Slow 1100mV -40C Model Setup 'FPGA_CLK1_50'
Slack : -2.111
TNS   : -52.651

Type  : Slow 1100mV -40C Model Hold 'FPGA_CLK1_50'
Slack : 0.457
TNS   : 0.000

Type  : Slow 1100mV -40C Model Minimum Pulse Width 'FPGA_CLK1_50'
Slack : -0.538
TNS   : -24.111

Type  : Fast 1100mV 100C Model Setup 'FPGA_CLK1_50'
Slack : -0.356
TNS   : -5.777

Type  : Fast 1100mV 100C Model Hold 'FPGA_CLK1_50'
Slack : 0.190
TNS   : 0.000

Type  : Fast 1100mV 100C Model Minimum Pulse Width 'FPGA_CLK1_50'
Slack : -0.384
TNS   : -13.316

Type  : Fast 1100mV -40C Model Setup 'FPGA_CLK1_50'
Slack : -0.324
TNS   : -4.934

Type  : Fast 1100mV -40C Model Hold 'FPGA_CLK1_50'
Slack : 0.173
TNS   : 0.000

Type  : Fast 1100mV -40C Model Minimum Pulse Width 'FPGA_CLK1_50'
Slack : -0.446
TNS   : -17.729

------------------------------------------------------------
